
> school-saas@0.0.0 build
> vite build

[36mvite v8.0.10 [32mbuilding client environment for production...[36m[39m
[2K
transforming...Γ£ô 2376 modules transformed.
node.exe : [31mΓ£ù[39m Build failed in 800ms
At line:1 char:1
+ & "C:\Program Files\nodejs/node.exe" "C:\Program Files\nodejs/node_mo ...
+ ~~~~~~~~~~~~~~~~~~~~~~~~~~~~~~~~~~~~~~~~~~~~~~~~~~~~~~~~~~~~~~~~~~~~~
    + CategoryInfo          : NotSpecified: ([31mΓ£ù[39m Build failed in 800ms:String) [], RemoteException
    + FullyQualifiedErrorId : NativeCommandError
 
[31merror during build:
[31mBuild failed with 2 errors:

[31m[builtin:vite-transform] Error:[0m A 'return' statement can only be used within a function body.
    [38;5;246mΓò¡[0m[38;5;246mΓöÇ[0m[38;5;246m[[0m src/pages/Login.jsx:39:3 [38;5;246m][0m
    [38;5;246mΓöé[0m
 [38;5;246m39 Γöé[0m [38;5;249m [0m[38;5;249m [0mreturn[38;5;249m [0m[38;5;249m([0m
 [38;5;240m   Γöé[0m   ΓöÇΓöÇΓöÇΓö¼ΓöÇΓöÇ  
 [38;5;240m   Γöé[0m      Γò░ΓöÇΓöÇΓöÇΓöÇ 
[38;5;246mΓöÇΓöÇΓöÇΓöÇΓò»[0m

[31m[builtin:vite-transform] Error:[0m Unexpected token
     [38;5;246mΓò¡[0m[38;5;246mΓöÇ[0m[38;5;246m[[0m src/pages/Login.jsx:121:1 [38;5;246m][0m
     [38;5;246mΓöé[0m
 [38;5;246m121 Γöé[0m }[38;5;249m;[0m
 [38;5;240m    Γöé[0m Γö¼  
 [38;5;240m    Γöé[0m Γò░ΓöÇΓöÇ 
[38;5;246mΓöÇΓöÇΓöÇΓöÇΓöÇΓò»[0m
[31m
    at aggregateBindingErrorsIntoJsError (file:///C:/Users/USER/Desktop/AGTARISE%20SOLUTIONS%20WEB%20APPS%20LATEST/SCHO
OL%20SAAS/node_modules/rolldown/dist/shared/error-DL-e8-oE.mjs:48:18)
    at unwrapBindingResult (file:///C:/Users/USER/Desktop/AGTARISE%20SOLUTIONS%20WEB%20APPS%20LATEST/SCHOOL%20SAAS/node
_modules/rolldown/dist/shared/error-DL-e8-oE.mjs:18:128)
    at #build (file:///C:/Users/USER/Desktop/AGTARISE%20SOLUTIONS%20WEB%20APPS%20LATEST/SCHOOL%20SAAS/node_modules/roll
down/dist/shared/rolldown-build-DSxL8qiP.mjs:3317:34)
    at async buildEnvironment (file:///C:/Users/USER/Desktop/AGTARISE%20SOLUTIONS%20WEB%20APPS%20LATEST/SCHOOL%20SAAS/n
ode_modules/vite/dist/node/chunks/node.js:33018:64)
    at async Object.build (file:///C:/Users/USER/Desktop/AGTARISE%20SOLUTIONS%20WEB%20APPS%20LATEST/SCHOOL%20SAAS/node_
modules/vite/dist/node/chunks/node.js:33440:19)
    at async Object.buildApp (file:///C:/Users/USER/Desktop/AGTARISE%20SOLUTIONS%20WEB%20APPS%20LATEST/SCHOOL%20SAAS/no
de_modules/vite/dist/node/chunks/node.js:33437:153)
    at async CAC.<anonymous> (file:///C:/Users/USER/Desktop/AGTARISE%20SOLUTIONS%20WEB%20APPS%20LATEST/SCHOOL%20SAAS/no
de_modules/vite/dist/node/cli.js:778:3) {
  errors: [Getter/Setter]
}[39m
